[belaltheme.com/html-preview/Factor/Factor/parallax.html]
[backblue.gif]
[fade.gif]
[index.html]
[belaltheme.com/html-preview/Factor/Factor/assets/css/bootstrap.min.css]
[belaltheme.com/html-preview/Factor/Factor/assets/css/font-awesome.min.css]
[belaltheme.com/html-preview/Factor/Factor/assets/css/owl.carousel.min.css]
[belaltheme.com/html-preview/Factor/Factor/assets/css/owl.theme.default.min.css]
[belaltheme.com/html-preview/Factor/Factor/assets/css/lightbox.min.css]
[belaltheme.com/html-preview/Factor/Factor/assets/css/animate.css]
[belaltheme.com/html-preview/Factor/Factor/assets/css/style.css]
[belaltheme.com/html-preview/Factor/Factor/assets/css/responsive.css]
[belaltheme.com/html-preview/Factor/Factor/assets/images/slider/banner.jpg]
[belaltheme.com/html-preview/Factor/Factor/assets/images/about.jpg]
[belaltheme.com/html-preview/Factor/Factor/assets/images/portfolio/1.jpg]
[belaltheme.com/html-preview/Factor/Factor/assets/images/portfolio/2.jpg]
[belaltheme.com/html-preview/Factor/Factor/assets/images/portfolio/4.jpg]
[belaltheme.com/html-preview/Factor/Factor/assets/images/portfolio/5.jpg]
[belaltheme.com/html-preview/Factor/Factor/assets/images/portfolio/6.jpg]
[belaltheme.com/html-preview/Factor/Factor/assets/images/team/1.jpg]
[belaltheme.com/html-preview/Factor/Factor/assets/images/team/2.jpg]
[belaltheme.com/html-preview/Factor/Factor/assets/images/team/3.jpg]
[belaltheme.com/html-preview/Factor/Factor/assets/images/team/4.jpg]
[belaltheme.com/html-preview/Factor/Factor/assets/images/blog/1.jpg]
[belaltheme.com/html-preview/Factor/Factor/assets/images/blog/2.jpg]
[belaltheme.com/html-preview/Factor/Factor/assets/images/blog/3.jpg]
[belaltheme.com/html-preview/Factor/Factor/assets/js/jquery-1.12.4.min.js]
[belaltheme.com/html-preview/Factor/Factor/assets/js/bootstrap.min.js]
[belaltheme.com/html-preview/Factor/Factor/assets/js/modernizr-2.8.3.min.js]
[belaltheme.com/html-preview/Factor/Factor/assets/js/jquery.stellar.min.js]
[belaltheme.com/html-preview/Factor/Factor/assets/js/jquery.counterup.js]
[belaltheme.com/html-preview/Factor/Factor/assets/js/owl.carousel.min.js]
[belaltheme.com/html-preview/Factor/Factor/assets/js/jquery.mixitup.js]
[belaltheme.com/html-preview/Factor/Factor/assets/js/lightbox.min.js]
[belaltheme.com/html-preview/Factor/Factor/assets/js/particles.js]
[belaltheme.com/html-preview/Factor/Factor/assets/js/app.js]
[belaltheme.com/html-preview/Factor/Factor/assets/js/waypoints.min.js]
[belaltheme.com/html-preview/Factor/Factor/assets/js/scrolltopcontrol.js]
[belaltheme.com/html-preview/Factor/Factor/assets/js/form-contact.js]
[belaltheme.com/html-preview/Factor/Factor/assets/js/wow.min.js]
[belaltheme.com/html-preview/Factor/Factor/parallax.html]
[belaltheme.com/html-preview/Factor/Factor/assets/js/main.js]
[belaltheme.com/html-preview/Factor/Factor/assets/css/bootstrap.min.css]
[belaltheme.com/html-preview/Factor/Factor/assets/fonts/fontawesome-webfont3e6e.eot]
[belaltheme.com/html-preview/Factor/Factor/assets/fonts/fontawesome-webfontd41d.eot]
[belaltheme.com/html-preview/Factor/Factor/assets/fonts/fontawesome-webfont3e6e.woff2]
[belaltheme.com/html-preview/Factor/Factor/assets/fonts/fontawesome-webfont3e6e.woff]
[belaltheme.com/html-preview/Factor/Factor/assets/fonts/fontawesome-webfont3e6e.ttf]
[belaltheme.com/html-preview/Factor/Factor/assets/css/font-awesome.min.css]
[belaltheme.com/html-preview/Factor/Factor/assets/css/owl.carousel.min.css]
[belaltheme.com/html-preview/Factor/Factor/assets/css/owl.theme.default.min.css]
[belaltheme.com/html-preview/Factor/Factor/assets/images/loading.gif]
[belaltheme.com/html-preview/Factor/Factor/assets/css/lightbox.min.css]
[belaltheme.com/html-preview/Factor/Factor/assets/css/animate.css]
[belaltheme.com/html-preview/Factor/Factor/assets/images/contact.jpg]
[belaltheme.com/html-preview/Factor/Factor/assets/css/style.css]
[belaltheme.com/html-preview/Factor/Factor/assets/css/responsive.css]
[belaltheme.com/html-preview/Factor/Factor/assets/images/portfolio/3.jpg]
[belaltheme.com/html-preview/Factor/Factor/assets/js/jquery.appear.html]
[belaltheme.com/html-preview/Factor/Factor/assets/fonts/glyphicons-halflings-regular.html]
[belaltheme.com/html-preview/Factor/Factor/assets/fonts/glyphicons-halflings-regulard41d.html]
[belaltheme.com/html-preview/Factor/Factor/assets/fonts/glyphicons-halflings-regular-2.html]
[belaltheme.com/html-preview/Factor/Factor/assets/fonts/glyphicons-halflings-regular-3.html]
[belaltheme.com/html-preview/Factor/Factor/assets/fonts/glyphicons-halflings-regular-4.html]
[belaltheme.com/html-preview/Factor/Factor/assets/fonts/glyphicons-halflings-regular-5.html]
[belaltheme.com/html-preview/Factor/Factor/assets/css/owl.video.play.html]
[belaltheme.com/html-preview/Factor/Factor/assets/fonts/fontawesome-webfont3e6e.svg]
[belaltheme.com/html-preview/Factor/Factor/assets/fonts/fontawesome-webfont3e6e.svg]
